════════════════════════════════════════════════════════
PLINY GAME LAB — DEEP VISUAL QA (50 ENGINES)
════════════════════════════════════════════════════════

[1/50] ✓ vesuvius — OK (entities: 14748, renderCalls: 581)
[2/50] ✓ geyser — OK (entities: 1017, renderCalls: 3452)
[3/50] ✓ caverna — OK (entities: 321, renderCalls: 1925)
[4/50] ✓ terrae_motus — OK (entities: 4110, renderCalls: 1187)
[5/50] ✓ aurum — OK (entities: 391, renderCalls: 1025)
[6/50] ✓ bestiarium — OK (entities: 198, renderCalls: 5674)
[7/50] ✓ myrmex — OK (entities: 286, renderCalls: 11269)
[8/50] ✓ apis — OK (entities: 329, renderCalls: 5438)
[9/50] ✓ hydra — OK (entities: 407, renderCalls: 1618)
[10/50] ✓ silva — OK (entities: 606, renderCalls: 8483)
[11/50] ✓ mechanica — OK (entities: 23, renderCalls: 573)
[12/50] ✓ aqueduct — OK (entities: 315, renderCalls: 2144)
[13/50] ✓ ballista — OK (entities: 85, renderCalls: 743)
[14/50] ✓ horologium — OK (entities: 818, renderCalls: 3856)
[15/50] ✓ antikythera — OK (entities: 38, renderCalls: 3669)
[16/50] ✓ cosmographia — OK (entities: 1174, renderCalls: 9160)
[17/50] ✓ solstitium — OK (entities: 497, renderCalls: 829)
[18/50] ✓ aurora — OK (entities: 1274, renderCalls: 6169)
[19/50] ✓ cometa — OK (entities: 829, renderCalls: 3260)
[20/50] ✓ armilla — OK (entities: 2914, renderCalls: 7362)
[21/50] ✓ labyrinthus — OK (entities: 50, renderCalls: 562)
[22/50] ✓ colosseum — OK (entities: 98, renderCalls: 860)
[23/50] ✓ trireme — OK (entities: 4, renderCalls: 1591)
[24/50] ✓ chariot — OK (entities: 674, renderCalls: 5108)
[25/50] ✓ oraculum — OK (entities: 479, renderCalls: 2466)
[26/50] ✓ euclid — OK (entities: 3, renderCalls: 138)
[27/50] ✓ archimedes_spiral — OK (entities: 2700, renderCalls: 12344)
[28/50] ✓ eratosthenes — OK (entities: 120, renderCalls: 451)
[29/50] ✓ pythagoras — OK (entities: 144, renderCalls: 1532)
[30/50] ✓ fractal_roman — OK (entities: 6285, renderCalls: 27671)
[31/50] ✓ scylla_charybdis — OK (entities: 582, renderCalls: 5006)
[32/50] ✓ mare_nostrum — OK (entities: 280, renderCalls: 2671)
[33/50] ✓ pharos — OK (entities: 1107, renderCalls: 1573)
[34/50] ✓ coral_reef — OK (entities: 481, renderCalls: 8080)
[35/50] ✓ nautilus — OK (entities: 308, renderCalls: 1969)
[36/50] ✓ forum_builder — OK (entities: 173, renderCalls: 2129)
[37/50] ✓ arch_vault — OK (entities: 41, renderCalls: 982)
[38/50] ✓ opus_caementicium — OK (entities: 173, renderCalls: 5290)
[39/50] ✓ thermae — OK (entities: 4129, renderCalls: 2027)
[40/50] ✓ pantheon — OK (entities: 2020, renderCalls: 5524)
[41/50] ✓ vitrum — OK (entities: 2208, renderCalls: 363)
[42/50] ✓ metallum — OK (entities: 169, renderCalls: 1044)
[43/50] ✓ pigmentum — OK (entities: 1650, renderCalls: 24338)
[44/50] ✓ hermetica — OK (entities: 769, renderCalls: 2649)
[45/50] ✓ electrum — OK (entities: 410, renderCalls: 1190)
[46/50] ✓ testudo — OK (entities: 251, renderCalls: 4684)
[47/50] ✓ siege_tower — OK (entities: 94, renderCalls: 1205)
[48/50] ✓ hoplite_phalanx — OK (entities: 1098, renderCalls: 10145)
[49/50] ✓ scorpio — OK (entities: 50, renderCalls: 440)
[50/50] ✓ signal_fire — OK (entities: 109, renderCalls: 1182)

════════════════════════════════════════════════════════
VISUAL QA: 50 CLEAN | 0 WARNINGS | 0 ERRORS (TOTAL 50)
════════════════════════════════════════════════════════
